Godot Engine v4.5.1.stable.official.f62fdbde1 - https://godotengine.org
OpenGL API 3.3.0 - Build 31.0.101.2137 - Compatibility - Using Device: Intel - Intel(R) UHD Graphics

ring_vibes: DEM loaded — Millstreet (Cork-Kerry route) (Terrarium z12) 3840x3840  sat_tex: yes
ring_vibes: DEM texture 1920x1920, mpp=46.9
ring_vibes: 35 patch(es) clipped to non-overlapping arc windows
ring_vibes: 35 splice patches @ 512^2 heights + 512^2 imagery -> ["schwarzwald", "cork_city", "big_sur", "wye_valley", "dordogne", "vermont", "mizen_head", "camargue", "danube_delta", "cape_peninsula", "salar_uyuni", "scablands", "loop_head", "monument_valley", "atacama", "namib_dunes", "guri_dam", "palawan", "mongolia_steppe", "tuscany_hills", "slea_head", "priests_leap", "cairngorms", "dolomites", "tatra_spruce", "norwegian_fjord", "olympic_forest", "borneo_highland", "costa_rica_jungle", "tepui", "iceland_highland", "badlands_sd", "java_majapahit", "halong_bay", "lofoten"]
ring_vibes: tree pack — 3 variants x 4 LODs loaded
ring_vibes: far band rebuilt around arc 0 km (1082 ms)
ring_vibes: texture compression — s3tc true, bptc true, etc2 false
ring_vibes: 13674 road centrelines loaded
ring_vibes: 25309 trees placed (3 variants x 4 LODs) — 1036 standards, 3389 off-road, 8656 hedge quads
ring_vibes: millstreet — 47438 of 59966 buildings kept (12528 fell outside the 50km ring width)
ring_vibes: big_sur — 5215 of 6895 buildings kept (1680 fell outside the 50km ring width)
ring_vibes: cape_peninsula — 5247 of 7766 buildings kept (2519 fell outside the 50km ring width)
ring_vibes: palawan — 5819 of 10164 buildings kept (4345 fell outside the 50km ring width)
ring_vibes: java_majapahit — 32533 of 59997 buildings kept (27464 fell outside the 50km ring width)
ring_vibes: halong_bay — 2066 of 2129 buildings kept (63 fell outside the 50km ring width)
ring_vibes: lofoten — 21385 of 25330 buildings kept (3945 fell outside the 50km ring width)
ring_vibes: buildings in range at arc 0 lat 0 -> style0=292, style1=0
ring_vibes: 119703 OSM buildings loaded (2 styles)

ALIGN: 35 patches, 11x11 samples each
ALIGN  schwarzwald        arc   2.8%  own +-42000m  sea   0%   ok
ALIGN  cork_city          arc   5.6%  own +-42000m  sea   4%   ok
ALIGN  big_sur            arc   8.4%  own +-42000m  sea  28%   ok
ALIGN  wye_valley         arc  11.2%  own +-42000m  sea   4%   ok
ALIGN  dordogne           arc  14.0%  own +-42000m  sea   0%   ok
ALIGN  vermont            arc  16.8%  own +-42000m  sea   0%   ok
ALIGN  mizen_head         arc  19.6%  own +-42000m  sea  75%   ok
ALIGN  camargue           arc  22.4%  own +-42000m  sea  64%   ok
ALIGN  danube_delta       arc  25.2%  own +-42000m  sea  71%   ok
ALIGN  cape_peninsula     arc  28.0%  own +-42000m  sea  88%   ok
ALIGN  salar_uyuni        arc  30.8%  own +-42000m  sea   0%   ok
ALIGN  scablands          arc  33.6%  own +-42000m  sea   0%   ok
ALIGN  loop_head          arc  36.4%  own +-42000m  sea  66%   ok
ALIGN  monument_valley    arc  39.2%  own +-42000m  sea   0%   ok
ALIGN  atacama            arc  42.0%  own +-42000m  sea   0%   ok
ALIGN  namib_dunes        arc  44.8%  own +-42000m  sea   0%   ok
ALIGN  guri_dam           arc  47.6%  own +-42000m  sea   0%   ok
ALIGN  palawan            arc  50.4%  own +-42000m  sea  90%   ok
ALIGN  mongolia_steppe    arc  53.2%  own +-42000m  sea   0%   ok
ALIGN  tuscany_hills      arc  56.0%  own +-42000m  sea   0%   ok
ALIGN  slea_head          arc  58.8%  own +-42000m  sea  66%   ok
ALIGN  priests_leap       arc  61.6%  own +-42000m  sea   9%   ok
ALIGN  cairngorms         arc  64.4%  own +-42000m  sea   0%   ok
ALIGN  dolomites          arc  67.2%  own +-42000m  sea   0%   ok
ALIGN  tatra_spruce       arc  70.0%  own +-42000m  sea   0%   ok
ALIGN  norwegian_fjord    arc  72.8%  own +-42000m  sea   1%   ok
ALIGN  olympic_forest     arc  75.6%  own +-42000m  sea   2%   ok
ALIGN  borneo_highland    arc  78.4%  own +-42000m  sea   1%   ok
ALIGN  costa_rica_jungle  arc  81.2%  own +-42000m  sea   0%   ok
ALIGN  tepui              arc  84.0%  own +-42000m  sea   0%   ok
ALIGN  iceland_highland   arc  86.8%  own +-42000m  sea   0%   ok
ALIGN  badlands_sd        arc  89.6%  own +-42000m  sea   0%   ok
ALIGN  java_majapahit     arc  92.4%  own +-42000m  sea   5%   ok
ALIGN  halong_bay         arc  95.2%  own +-42000m  sea  66%   ok
ALIGN  lofoten            arc  98.0%  own +-42000m  sea  73%   ok
ALIGN: 0/4235 sample points disagree about which tier to use
ALIGN: 8235/119703 buildings on ground steeper than their undercroft can cover (worst 1195.2m drop)
