Godot Engine v4.5.1.stable.official.f62fdbde1 - https://godotengine.org

ring_vibes: DEM loaded — Millstreet (Cork-Kerry route) (Terrarium z12) 3840x3840  sat_tex: yes
ring_vibes: DEM texture 1920x1920, mpp=46.9
ring_vibes: 35 patch(es) clipped to non-overlapping arc windows
ring_vibes: 35 splice patches @ 512^2 heights + 512^2 imagery -> ["schwarzwald", "cork_city", "big_sur", "wye_valley", "dordogne", "vermont", "mizen_head", "camargue", "danube_delta", "cape_peninsula", "salar_uyuni", "scablands", "loop_head", "monument_valley", "atacama", "namib_dunes", "guri_dam", "palawan", "mongolia_steppe", "tuscany_hills", "slea_head", "priests_leap", "cairngorms", "dolomites", "tatra_spruce", "norwegian_fjord", "olympic_forest", "borneo_highland", "costa_rica_jungle", "tepui", "iceland_highland", "badlands_sd", "java_majapahit", "halong_bay", "lofoten"]
ring_vibes: tree pack — 3 variants x 4 LODs loaded
ring_vibes: far band rebuilt around arc 0 km (433 ms)
ring_vibes: containment field 1500-4000m on lat -25000
ring_vibes: containment field 1500-4000m on lat 25000
ring_vibes: texture compression — s3tc true, bptc true, etc2 true
ring_vibes: grass pack loaded (1 surfaces)
ring_vibes: 13674 road centrelines loaded (home + none)
ring_vibes: 13123 junction cells, 1138319 road cells from 13674 centrelines
ring_vibes: hedge texture 1024x1024 loaded
ring_vibes: 27109 trees placed (3 variants x 4 LODs) — 244 standards, 743 off-road, 11308 hedge quads
ring_vibes: millstreet — 39008 of 59992 buildings kept (16545 outside the 50km ring width, 4439 on cliffs)
ring_vibes: big_sur — 10899 of 11348 buildings kept (0 outside the 50km ring width, 449 on cliffs)
ring_vibes: cape_peninsula — 8019 of 8118 buildings kept (8 outside the 50km ring width, 91 on cliffs)
ring_vibes: palawan — 6128 of 6215 buildings kept (3 outside the 50km ring width, 84 on cliffs)
ring_vibes: java_majapahit — 59076 of 59996 buildings kept (38 outside the 50km ring width, 882 on cliffs)
ring_vibes: halong_bay — 2119 of 2184 buildings kept (0 outside the 50km ring width, 65 on cliffs)
ring_vibes: lofoten — 17892 of 21589 buildings kept (85 outside the 50km ring width, 3612 on cliffs)
ring_vibes: buildings in range at arc 0 lat 0 -> style0=839, style1=0
ring_vibes: 143141 OSM buildings loaded (2 styles)
ring_vibes: warthog model loaded (5.2m long, scale 0.967)

PROVING GROUND — identical course, every vehicle

vehicle    phase     top m/s   dist m   turn r   jolt m    grade   susp   air
ring_vibes: 24327 trees placed (3 variants x 4 LODs) — 1488 standards, 5025 off-road, 30004 hedge quads
box        accel        22.0    264.9      0.0     0.02     0.0    0.15     1
box        brake         6.0     34.4      0.0     0.00     0.0    0.19     0
box        circle       22.0     18.5     14.6     0.00     0.0    0.22     4
box        rough         9.8    107.6      0.0     0.01     0.0    0.24     4
box        climb         9.8    127.2      0.0     0.00     0.8    0.19     0
ring_vibes: far band rebuilt around arc 852 km (569 ms)
ring_vibes: 70388 road centrelines loaded (home + schwarzwald)
ring_vibes: 59905 junction cells, 2663105 road cells from 70388 centrelines
ring_vibes: buildings in range at arc 900088 lat -0 -> style0=0, style1=0
ring_vibes: streamed schwarzwald @ 1536^2 — re-placed objects onto the new tier
ring_vibes: 13985 road centrelines loaded (home + salar_uyuni)
ring_vibes: 13471 junction cells, 1327373 road cells from 13985 centrelines
ring_vibes: buildings in range at arc 900218 lat -0 -> style0=0, style1=0
ring_vibes: streamed salar_uyuni @ 1536^2 — re-placed objects onto the new tier
box        bumps        21.9    747.7      0.0     1.87     0.0    0.34     4
ring_vibes: far band rebuilt around arc 0 km (545 ms)
ring_vibes: 24270 trees placed (3 variants x 4 LODs) — 1472 standards, 5117 off-road, 30008 hedge quads
ring_vibes: 13674 road centrelines loaded (home + cape_peninsula)
ring_vibes: 13123 junction cells, 1138319 road cells from 13674 centrelines
ring_vibes: 24270 trees placed (3 variants x 4 LODs) — 1472 standards, 5117 off-road, 30004 hedge quads
ring_vibes: buildings in range at arc 38166 lat -15134 -> style0=1591, style1=0
ring_vibes: streamed cape_peninsula @ 1536^2 — re-placed objects onto the new tier
warthog    accel        27.0    335.8      0.0     0.10     0.0    0.22     4
warthog    brake         7.0     40.2      0.0     0.00     0.0    0.25     0
warthog    circle       27.0     21.7     20.7     0.00     0.0    0.26     4
warthog    rough        18.4    193.8      0.0     0.01     0.0    0.11     0
warthog    climb        18.4    230.5      0.0     0.01     1.2    0.25     0
ring_vibes: far band rebuilt around arc 852 km (494 ms)
ring_vibes: 70388 road centrelines loaded (home + schwarzwald)
ring_vibes: 59905 junction cells, 2663105 road cells from 70388 centrelines
ring_vibes: buildings in range at arc 900118 lat -0 -> style0=0, style1=0
ring_vibes: streamed schwarzwald @ 1536^2 — re-placed objects onto the new tier
ring_vibes: 13985 road centrelines loaded (home + salar_uyuni)
ring_vibes: 13471 junction cells, 1327373 road cells from 13985 centrelines
ring_vibes: buildings in range at arc 900275 lat -0 -> style0=0, style1=0
ring_vibes: streamed salar_uyuni @ 1536^2 — re-placed objects onto the new tier
warthog    bumps        26.9   1021.9      0.0     1.86     0.0    0.46     4
ring_vibes: far band rebuilt around arc 0 km (513 ms)
ring_vibes: 24134 trees placed (3 variants x 4 LODs) — 1472 standards, 5127 off-road, 30008 hedge quads
ring_vibes: 13674 road centrelines loaded (home + cape_peninsula)
ring_vibes: 13123 junction cells, 1138319 road cells from 13674 centrelines
ring_vibes: 24134 trees placed (3 variants x 4 LODs) — 1472 standards, 5127 off-road, 30004 hedge quads
ring_vibes: buildings in range at arc 38220 lat -15134 -> style0=1579, style1=0
ring_vibes: streamed cape_peninsula @ 1536^2 — re-placed objects onto the new tier
sportscar  accel        42.0    516.8      0.0     0.13     0.0    0.18     4
sportscar  brake         6.0     35.0      0.0     0.00     0.0    0.18     4
sportscar  circle       42.0     24.8     23.3     0.00     0.0    0.18     4
sportscar  rough        13.5    150.3      0.0     0.01     0.0    0.07     0
sportscar  climb        13.5    176.9      0.0     0.01     0.9    0.09     0
ring_vibes: far band rebuilt around arc 852 km (555 ms)
ring_vibes: 70388 road centrelines loaded (home + schwarzwald)
ring_vibes: 59905 junction cells, 2663105 road cells from 70388 centrelines
ring_vibes: buildings in range at arc 900197 lat -0 -> style0=0, style1=0
ring_vibes: streamed schwarzwald @ 1536^2 — re-placed objects onto the new tier
ring_vibes: 13985 road centrelines loaded (home + salar_uyuni)
ring_vibes: 13471 junction cells, 1327373 road cells from 13985 centrelines
ring_vibes: buildings in range at arc 900441 lat -0 -> style0=0, style1=0
ring_vibes: streamed salar_uyuni @ 1536^2 — re-placed objects onto the new tier
sportscar  bumps        41.9   1143.6      0.0     1.86     0.0    0.18     4
ring_vibes: far band rebuilt around arc 0 km (528 ms)
ring_vibes: 24146 trees placed (3 variants x 4 LODs) — 1348 standards, 5126 off-road, 30008 hedge quads
ring_vibes: 13674 road centrelines loaded (home + cape_peninsula)
ring_vibes: 13123 junction cells, 1138319 road cells from 13674 centrelines
ring_vibes: 24146 trees placed (3 variants x 4 LODs) — 1348 standards, 5126 off-road, 30004 hedge quads
ring_vibes: buildings in range at arc 38169 lat -15134 -> style0=1591, style1=0
ring_vibes: streamed cape_peninsula @ 1536^2 — re-placed objects onto the new tier
sixby      accel        24.0    308.9      0.0     0.09     0.0    0.25     4
sixby      brake         6.0     34.8      0.0     0.00     0.0    0.30     0
sixby      circle       24.0     31.0     23.9     0.00     0.0    0.23     0
sixby      rough        23.9    249.9      0.0     0.01     0.0    0.37     4
sixby      climb        23.9    297.6      0.0     0.01     1.1    0.30     0
ring_vibes: far band rebuilt around arc 852 km (506 ms)
