Godot Engine v4.5.1.stable.official.f62fdbde1 - https://godotengine.org

ring_vibes: DEM loaded — Millstreet (Cork-Kerry route) (Terrarium z12) 3840x3840  sat_tex: yes
ring_vibes: DEM texture 1920x1920, mpp=46.9
ring_vibes: 35 patch(es) clipped to non-overlapping arc windows
ring_vibes: 35 splice patches @ 512^2 heights + 512^2 imagery -> ["schwarzwald", "cork_city", "big_sur", "wye_valley", "dordogne", "vermont", "mizen_head", "camargue", "danube_delta", "cape_peninsula", "salar_uyuni", "scablands", "loop_head", "monument_valley", "atacama", "namib_dunes", "guri_dam", "palawan", "mongolia_steppe", "tuscany_hills", "slea_head", "priests_leap", "cairngorms", "dolomites", "tatra_spruce", "norwegian_fjord", "olympic_forest", "borneo_highland", "costa_rica_jungle", "tepui", "iceland_highland", "badlands_sd", "java_majapahit", "halong_bay", "lofoten"]
ring_vibes: tree pack — 3 variants x 4 LODs loaded
ring_vibes: far band rebuilt around arc 0 km (756 ms)
ring_vibes: containment field 1500-4000m on lat -25000
ring_vibes: containment field 1500-4000m on lat 25000
ring_vibes: texture compression — s3tc true, bptc true, etc2 true
ring_vibes: grass pack loaded (1 surfaces)
ring_vibes: 13674 road centrelines loaded (home + none)
ring_vibes: 13123 junction cells, 1138319 road cells from 13674 centrelines
ring_vibes: hedge texture 1024x1024 loaded
ring_vibes: 27109 trees placed (3 variants x 4 LODs) — 244 standards, 743 off-road, 11308 hedge quads
ring_vibes: millstreet — 39008 of 59992 buildings kept (16545 outside the 50km ring width, 4439 on cliffs)
ring_vibes: big_sur — 10899 of 11348 buildings kept (0 outside the 50km ring width, 449 on cliffs)
ring_vibes: cape_peninsula — 8019 of 8118 buildings kept (8 outside the 50km ring width, 91 on cliffs)
ring_vibes: palawan — 6128 of 6215 buildings kept (3 outside the 50km ring width, 84 on cliffs)
ring_vibes: java_majapahit — 59076 of 59996 buildings kept (38 outside the 50km ring width, 882 on cliffs)
ring_vibes: halong_bay — 2119 of 2184 buildings kept (0 outside the 50km ring width, 65 on cliffs)
ring_vibes: lofoten — 17892 of 21589 buildings kept (85 outside the 50km ring width, 3612 on cliffs)
ring_vibes: buildings in range at arc 0 lat 0 -> style0=839, style1=0
ring_vibes: 143141 OSM buildings loaded (2 styles)
RANGE  ring R=477465m  omega=0.004342 rad/s  surface 2073 m/s
weapon     range      cold% burst%   group    drop   flight spin-dif     ttk
spear       melee   reach 2.6m  arc  25deg  windup 0.42s  committed 1.12s  dps  50.0  ttk 2.62s
spear       spar    win 100%  hp left  57.9  exchange 2.7s
blade       melee   reach 1.3m  arc  70deg  windup 0.22s  committed 0.50s  dps  69.1  ttk 1.87s
blade       spar    win 100%  hp left  34.5  exchange 3.3s
club        melee   reach 1.5m  arc 120deg  windup 0.58s  committed 1.43s  dps  45.9  ttk 3.28s
club        spar    win 100%  hp left  34.5  exchange 3.4s
improvised  melee   reach 1.0m  arc  50deg  windup 0.30s  committed 0.75s  dps  25.7  ttk 4.50s
improvised  spar    win   0%  hp left   0.0  exchange 3.9s
RANGE spear: straight up -> back down 1s later, 0m along the arc (never sideways: omega is along the spin axis, so there is no width-wise deflection at all)
RANGE blade: straight up -> back down 1s later, 0m along the arc (never sideways: omega is along the spin axis, so there is no width-wise deflection at all)
RANGE club: straight up -> back down 1s later, 0m along the arc (never sideways: omega is along the spin axis, so there is no width-wise deflection at all)
RANGE improvised: straight up -> back down 1s later, 0m along the arc (never sideways: omega is along the spin axis, so there is no width-wise deflection at all)
RANGE selfcheck: reference drop 2.021m at 400m, live integrator 2.021m (delta 0.000m)
RANGE done
