ERROR: String formatting error: unsupported format character.
   at: validated_evaluate (core/variant/variant_op.h:953)
   GDScript backtrace (most recent call first):
       [0] _update_hud (res://mocks/ring_vibes.gd:284)
       [1] _rebuild (res://mocks/ring_vibes.gd:184)
       [2] _ready (res://mocks/ring_vibes.gd:85)
ERROR: String formatting error: unsupported format character.
   at: validated_evaluate (core/variant/variant_op.h:953)
   GDScript backtrace (most recent call first):
       [0] _update_hud (res://mocks/ring_vibes.gd:284)
       [1] _unhandled_input (res://mocks/ring_vibes.gd:242)
ERROR: String formatting error: unsupported format character.
   at: validated_evaluate (core/variant/variant_op.h:953)
   GDScript backtrace (most recent call first):
       [0] _update_hud (res://mocks/ring_vibes.gd:284)
       [1] _unhandled_input (res://mocks/ring_vibes.gd:257)
ERROR: String formatting error: unsupported format character.
   at: validated_evaluate (core/variant/variant_op.h:953)
   GDScript backtrace (most recent call first):
       [0] _update_hud (res://mocks/ring_vibes.gd:284)
       [1] _unhandled_input (res://mocks/ring_vibes.gd:255)
ERROR: String formatting error: unsupported format character.
   at: validated_evaluate (core/variant/variant_op.h:953)
   GDScript backtrace (most recent call first):
       [0] _update_hud (res://mocks/ring_vibes.gd:284)
       [1] _unhandled_input (res://mocks/ring_vibes.gd:255)
ERROR: String formatting error: unsupported format character.
   at: validated_evaluate (core/variant/variant_op.h:953)
   GDScript backtrace (most recent call first):
       [0] _update_hud (res://mocks/ring_vibes.gd:284)
       [1] _unhandled_input (res://mocks/ring_vibes.gd:256)
ERROR: String formatting error: unsupported format character.
   at: validated_evaluate (core/variant/variant_op.h:953)
   GDScript backtrace (most recent call first):
       [0] _update_hud (res://mocks/ring_vibes.gd:284)
       [1] _unhandled_input (res://mocks/ring_vibes.gd:255)
ERROR: String formatting error: unsupported format character.
   at: validated_evaluate (core/variant/variant_op.h:953)
   GDScript backtrace (most recent call first):
       [0] _update_hud (res://mocks/ring_vibes.gd:284)
       [1] _unhandled_input (res://mocks/ring_vibes.gd:255)
ERROR: String formatting error: unsupported format character.
   at: validated_evaluate (core/variant/variant_op.h:953)
   GDScript backtrace (most recent call first):
       [0] _update_hud (res://mocks/ring_vibes.gd:284)
       [1] _unhandled_input (res://mocks/ring_vibes.gd:255)
ERROR: String formatting error: unsupported format character.
   at: validated_evaluate (core/variant/variant_op.h:953)
   GDScript backtrace (most recent call first):
       [0] _update_hud (res://mocks/ring_vibes.gd:284)
       [1] _unhandled_input (res://mocks/ring_vibes.gd:256)
ERROR: String formatting error: unsupported format character.
   at: validated_evaluate (core/variant/variant_op.h:953)
   GDScript backtrace (most recent call first):
       [0] _update_hud (res://mocks/ring_vibes.gd:284)
       [1] _unhandled_input (res://mocks/ring_vibes.gd:256)
ERROR: String formatting error: unsupported format character.
   at: validated_evaluate (core/variant/variant_op.h:953)
   GDScript backtrace (most recent call first):
       [0] _update_hud (res://mocks/ring_vibes.gd:284)
       [1] _unhandled_input (res://mocks/ring_vibes.gd:256)
ERROR: String formatting error: unsupported format character.
   at: validated_evaluate (core/variant/variant_op.h:953)
   GDScript backtrace (most recent call first):
       [0] _update_hud (res://mocks/ring_vibes.gd:284)
       [1] _unhandled_input (res://mocks/ring_vibes.gd:256)
ERROR: String formatting error: unsupported format character.
   at: validated_evaluate (core/variant/variant_op.h:953)
   GDScript backtrace (most recent call first):
       [0] _update_hud (res://mocks/ring_vibes.gd:284)
       [1] _unhandled_input (res://mocks/ring_vibes.gd:256)
ERROR: String formatting error: unsupported format character.
   at: validated_evaluate (core/variant/variant_op.h:953)
   GDScript backtrace (most recent call first):
       [0] _update_hud (res://mocks/ring_vibes.gd:284)
       [1] _unhandled_input (res://mocks/ring_vibes.gd:256)
ERROR: String formatting error: unsupported format character.
   at: validated_evaluate (core/variant/variant_op.h:953)
   GDScript backtrace (most recent call first):
       [0] _update_hud (res://mocks/ring_vibes.gd:284)
       [1] _unhandled_input (res://mocks/ring_vibes.gd:256)
ERROR: String formatting error: unsupported format character.
   at: validated_evaluate (core/variant/variant_op.h:953)
   GDScript backtrace (most recent call first):
       [0] _update_hud (res://mocks/ring_vibes.gd:284)
       [1] _unhandled_input (res://mocks/ring_vibes.gd:256)
ERROR: String formatting error: unsupported format character.
   at: validated_evaluate (core/variant/variant_op.h:953)
   GDScript backtrace (most recent call first):
       [0] _update_hud (res://mocks/ring_vibes.gd:284)
       [1] _unhandled_input (res://mocks/ring_vibes.gd:256)
ERROR: String formatting error: unsupported format character.
   at: validated_evaluate (core/variant/variant_op.h:953)
   GDScript backtrace (most recent call first):
       [0] _update_hud (res://mocks/ring_vibes.gd:284)
       [1] _unhandled_input (res://mocks/ring_vibes.gd:256)
ERROR: String formatting error: unsupported format character.
   at: validated_evaluate (core/variant/variant_op.h:953)
   GDScript backtrace (most recent call first):
       [0] _update_hud (res://mocks/ring_vibes.gd:284)
       [1] _unhandled_input (res://mocks/ring_vibes.gd:256)
ERROR: String formatting error: unsupported format character.
   at: validated_evaluate (core/variant/variant_op.h:953)
   GDScript backtrace (most recent call first):
       [0] _update_hud (res://mocks/ring_vibes.gd:284)
       [1] _unhandled_input (res://mocks/ring_vibes.gd:256)
ERROR: String formatting error: unsupported format character.
   at: validated_evaluate (core/variant/variant_op.h:953)
   GDScript backtrace (most recent call first):
       [0] _update_hud (res://mocks/ring_vibes.gd:284)
       [1] _unhandled_input (res://mocks/ring_vibes.gd:256)
ERROR: String formatting error: unsupported format character.
   at: validated_evaluate (core/variant/variant_op.h:953)
   GDScript backtrace (most recent call first):
       [0] _update_hud (res://mocks/ring_vibes.gd:284)
       [1] _unhandled_input (res://mocks/ring_vibes.gd:256)
ERROR: String formatting error: unsupported format character.
   at: validated_evaluate (core/variant/variant_op.h:953)
   GDScript backtrace (most recent call first):
       [0] _update_hud (res://mocks/ring_vibes.gd:284)
       [1] _unhandled_input (res://mocks/ring_vibes.gd:256)
ERROR: String formatting error: unsupported format character.
   at: validated_evaluate (core/variant/variant_op.h:953)
   GDScript backtrace (most recent call first):
       [0] _update_hud (res://mocks/ring_vibes.gd:284)
       [1] _unhandled_input (res://mocks/ring_vibes.gd:256)
ERROR: String formatting error: unsupported format character.
   at: validated_evaluate (core/variant/variant_op.h:953)
   GDScript backtrace (most recent call first):
       [0] _update_hud (res://mocks/ring_vibes.gd:284)
       [1] _unhandled_input (res://mocks/ring_vibes.gd:251)
