Godot Engine v4.5.1.stable.official.f62fdbde1 - https://godotengine.org

ring_vibes: DEM loaded — Millstreet (Cork-Kerry route) (Terrarium z12) 3840x3840  sat_tex: yes
ring_vibes: DEM texture 1920x1920, mpp=46.9
ring_vibes: 35 patch(es) clipped to non-overlapping arc windows
ring_vibes: 35 splice patches @ 512^2 heights + 512^2 imagery -> ["schwarzwald", "cork_city", "big_sur", "wye_valley", "dordogne", "vermont", "mizen_head", "camargue", "danube_delta", "cape_peninsula", "salar_uyuni", "scablands", "loop_head", "monument_valley", "atacama", "namib_dunes", "guri_dam", "palawan", "mongolia_steppe", "tuscany_hills", "slea_head", "priests_leap", "cairngorms", "dolomites", "tatra_spruce", "norwegian_fjord", "olympic_forest", "borneo_highland", "costa_rica_jungle", "tepui", "iceland_highland", "badlands_sd", "java_majapahit", "halong_bay", "lofoten"]
ring_vibes: tree pack — 3 variants x 4 LODs loaded
ring_vibes: far band rebuilt around arc 0 km (430 ms)
ring_vibes: containment field 1500-4000m on lat -25000
ring_vibes: containment field 1500-4000m on lat 25000
ring_vibes: texture compression — s3tc true, bptc true, etc2 true
ring_vibes: grass pack loaded (1 surfaces)
ring_vibes: 13674 road centrelines loaded (home + none)
ring_vibes: 13123 junction cells, 1138319 road cells from 13674 centrelines
ring_vibes: hedge texture 1024x1024 loaded
ring_vibes: 27109 trees placed (3 variants x 4 LODs) — 244 standards, 743 off-road, 11308 hedge quads
ring_vibes: millstreet — 39008 of 59992 buildings kept (16545 outside the 50km ring width, 4439 on cliffs)
ring_vibes: big_sur — 10899 of 11348 buildings kept (0 outside the 50km ring width, 449 on cliffs)
ring_vibes: cape_peninsula — 8019 of 8118 buildings kept (8 outside the 50km ring width, 91 on cliffs)
ring_vibes: palawan — 6128 of 6215 buildings kept (3 outside the 50km ring width, 84 on cliffs)
ring_vibes: java_majapahit — 59076 of 59996 buildings kept (38 outside the 50km ring width, 882 on cliffs)
ring_vibes: halong_bay — 2119 of 2184 buildings kept (0 outside the 50km ring width, 65 on cliffs)
ring_vibes: lofoten — 17892 of 21589 buildings kept (85 outside the 50km ring width, 3612 on cliffs)
ring_vibes: buildings in range at arc 0 lat 0 -> style0=839, style1=0
ring_vibes: 143141 OSM buildings loaded (2 styles)
SELFTEST: 35 patches loaded
ring_vibes: 15886 trees placed (3 variants x 4 LODs) — 0 standards, 0 off-road, 9808 hedge quads
ring_vibes: buildings in range at arc 84000 lat 0 -> style0=0, style1=0
ring_vibes: jumped to schwarzwald (2.8% arc)
ring_vibes: far band rebuilt around arc 66 km (490 ms)
ring_vibes: 70388 road centrelines loaded (home + schwarzwald)
ring_vibes: 59905 junction cells, 2663105 road cells from 70388 centrelines
ring_vibes: 15778 trees placed (3 variants x 4 LODs) — 32 standards, 118 off-road, 10776 hedge quads
ring_vibes: buildings in range at arc 84000 lat 0 -> style0=0, style1=0
ring_vibes: streamed schwarzwald @ 1536^2 — re-placed objects onto the new tier
SELFTEST  schwarzwald        arc   2.8%  stream=OK (6.8s)  h 1..1277m  sea  0.7%  trees=15778  dens=1.00 hi=1400  wx=fresh
ring_vibes: tree species -> broadleaf
ring_vibes: 5617 trees placed (3 variants x 4 LODs) — 0 standards, 0 off-road, 8496 hedge quads
ring_vibes: buildings in range at arc 168000 lat 0 -> style0=0, style1=0
ring_vibes: jumped to cork_city (5.6% arc)
ring_vibes: far band rebuilt around arc 131 km (525 ms)
ring_vibes: 33347 road centrelines loaded (home + cork_city)
ring_vibes: 32287 junction cells, 2574784 road cells from 33347 centrelines
ring_vibes: 6799 trees placed (3 variants x 4 LODs) — 1478 standards, 5819 off-road, 30004 hedge quads
ring_vibes: buildings in range at arc 168000 lat 0 -> style0=0, style1=0
ring_vibes: streamed cork_city @ 1536^2 — re-placed objects onto the new tier
SELFTEST  cork_city          arc   5.6%  stream=OK (7.0s)  h 1..828m  sea 25.0%  trees=6799   dens=0.30 hi=200  wx=fresh
ring_vibes: 13383 trees placed (3 variants x 4 LODs) — 0 standards, 0 off-road, 9720 hedge quads
ring_vibes: buildings in range at arc 252000 lat 0 -> style0=63, style1=0
ring_vibes: jumped to big_sur (8.4% arc)
ring_vibes: far band rebuilt around arc 197 km (458 ms)
ring_vibes: 16106 road centrelines loaded (home + big_sur)
ring_vibes: 15825 junction cells, 1411886 road cells from 16106 centrelines
ring_vibes: 13399 trees placed (3 variants x 4 LODs) — 0 standards, 0 off-road, 9720 hedge quads
ring_vibes: buildings in range at arc 252000 lat 0 -> style0=63, style1=0
ring_vibes: streamed big_sur @ 1536^2 — re-placed objects onto the new tier
SELFTEST  big_sur            arc   8.4%  stream=OK (6.0s)  h 1..1485m  sea 25.3%  trees=13399  dens=0.50 hi=1200  wx=fresh
ring_vibes: 13065 trees placed (3 variants x 4 LODs) — 0 standards, 0 off-road, 9840 hedge quads
ring_vibes: buildings in range at arc 336000 lat 0 -> style0=0, style1=0
ring_vibes: jumped to wye_valley (11.2% arc)
ring_vibes: far band rebuilt around arc 328 km (620 ms)
ring_vibes: 61728 road centrelines loaded (home + wye_valley)
ring_vibes: 55564 junction cells, 3007176 road cells from 61728 centrelines
ring_vibes: 12977 trees placed (3 variants x 4 LODs) — 202 standards, 682 off-road, 16976 hedge quads
ring_vibes: buildings in range at arc 336000 lat 0 -> style0=0, style1=0
ring_vibes: streamed wye_valley @ 1536^2 — re-placed objects onto the new tier
SELFTEST  wye_valley         arc  11.2%  stream=OK (7.3s)  h 1..700m  sea  7.6%  trees=12977  dens=0.50 hi=400  wx=overcast
ring_vibes: 23421 trees placed (3 variants x 4 LODs) — 0 standards, 0 off-road, 9752 hedge quads
ring_vibes: buildings in range at arc 420000 lat 0 -> style0=0, style1=0
ring_vibes: jumped to dordogne (14.0% arc)
ring_vibes: far band rebuilt around arc 393 km (487 ms)
ring_vibes: 49771 road centrelines loaded (home + dordogne)
ring_vibes: 50259 junction cells, 3664476 road cells from 49771 centrelines
ring_vibes: 22205 trees placed (3 variants x 4 LODs) — 790 standards, 2875 off-road, 30008 hedge quads
ring_vibes: buildings in range at arc 420000 lat 0 -> style0=0, style1=0
ring_vibes: streamed dordogne @ 1536^2 — re-placed objects onto the new tier
SELFTEST  dordogne           arc  14.0%  stream=OK (7.8s)  h 1..451m  sea  0.7%  trees=22205  dens=0.85 hi=450  wx=fresh
ring_vibes: 25100 trees placed (3 variants x 4 LODs) — 0 standards, 0 off-road, 9752 hedge quads
ring_vibes: buildings in range at arc 504000 lat 0 -> style0=0, style1=0
ring_vibes: jumped to vermont (16.8% arc)
ring_vibes: far band rebuilt around arc 459 km (539 ms)
ring_vibes: 19118 road centrelines loaded (home + vermont)
ring_vibes: 18702 junction cells, 1811179 road cells from 19118 centrelines
ring_vibes: 25100 trees placed (3 variants x 4 LODs) — 0 standards, 0 off-road, 9752 hedge quads
ring_vibes: buildings in range at arc 504000 lat 0 -> style0=0, style1=0
ring_vibes: streamed vermont @ 1536^2 — re-placed objects onto the new tier
SELFTEST  vermont            arc  16.8%  stream=OK (7.5s)  h 1..928m  sea  3.8%  trees=25100  dens=0.92 hi=1100  wx=fresh
ring_vibes: tree species -> scrub
ring_vibes: 125 trees placed (3 variants x 4 LODs) — 0 standards, 0 off-road, 8688 hedge quads
ring_vibes: buildings in range at arc 588000 lat 0 -> style0=0, style1=0
ring_vibes: jumped to mizen_head (19.6% arc)
ring_vibes: far band rebuilt around arc 524 km (613 ms)
ring_vibes: 13674 road centrelines loaded (home + mizen_head)
ring_vibes: 13123 junction cells, 1138319 road cells from 13674 centrelines
ring_vibes: 5426 trees placed (3 variants x 4 LODs) — 0 standards, 0 off-road, 8688 hedge quads
ring_vibes: buildings in range at arc 588000 lat 0 -> style0=0, style1=0
ring_vibes: streamed mizen_head @ 1536^2 — re-placed objects onto the new tier
SELFTEST  mizen_head         arc  19.6%  stream=OK (7.8s)  h 1..800m  sea 64.9%  trees=5426   dens=0.25 hi=300  wx=storm
ring_vibes: 0 trees placed (3 variants x 4 LODs) — 0 standards, 0 off-road, 8912 hedge quads
ring_vibes: buildings in range at arc 672000 lat 0 -> style0=0, style1=0
ring_vibes: jumped to camargue (22.4% arc)
ring_vibes: far band rebuilt around arc 655 km (463 ms)
ring_vibes: 43795 road centrelines loaded (home + camargue)
