Godot Engine v4.5.1.stable.official.f62fdbde1 - https://godotengine.org
OpenGL API 3.3.0 - Build 31.0.101.2137 - Compatibility - Using Device: Intel - Intel(R) UHD Graphics

ring_vibes: DEM loaded — Millstreet (Cork-Kerry route) (Terrarium z12) 3840x3840  sat_tex: yes
ring_vibes: DEM texture 1920x1920, mpp=46.9
ring_vibes: 35 splice patches @ 512^2 heights + 512^2 imagery -> ["schwarzwald", "cork_city", "savannah", "wye_valley", "dordogne", "vermont", "mizen_head", "camargue", "danube_delta", "ebro_delta", "salar_uyuni", "scablands", "loop_head", "monument_valley", "atacama", "namib_dunes", "guri_dam", "great_plains", "mongolia_steppe", "tuscany_hills", "slea_head", "priests_leap", "cairngorms", "dolomites", "tatra_spruce", "norwegian_fjord", "olympic_forest", "borneo_highland", "costa_rica_jungle", "tepui", "iceland_highland", "badlands_sd", "java_majapahit", "iceland_highland", "badlands_sd"]
ring_vibes: tree pack — 3 variants x 4 LODs loaded
ring_vibes: 27500 trees placed (3 variants x 4 LODs, distance-bucketed)
ring_vibes: millstreet — 47438 of 59966 buildings kept (12528 fell outside the 50km ring width)
ring_vibes: java_majapahit — 11229 of 59973 buildings kept (48744 fell outside the 50km ring width)
ring_vibes: buildings in range at arc 0 lat 0 -> style0=292, style1=0
ring_vibes: 58667 OSM buildings loaded (2 styles)
SELFTEST: 35 patches loaded
ring_vibes: 16125 trees placed (3 variants x 4 LODs, distance-bucketed)
ring_vibes: buildings in range at arc 84000 lat 0 -> style0=0, style1=0
ring_vibes: jumped to schwarzwald (2.8% arc)
ring_vibes: streamed schwarzwald @ 1536^2
SELFTEST  schwarzwald        arc   2.8%  stream=OK (3.8s)  h 3..1262m  sea  0.0%  trees=16125  dens=1.00 hi=1400  wx=fresh
ring_vibes: 7108 trees placed (3 variants x 4 LODs, distance-bucketed)
ring_vibes: buildings in range at arc 168000 lat 0 -> style0=0, style1=0
ring_vibes: jumped to cork_city (5.6% arc)
ring_vibes: streamed cork_city @ 1536^2
SELFTEST  cork_city          arc   5.6%  stream=OK (3.5s)  h 1..932m  sea 22.9%  trees=7108   dens=0.30 hi=200  wx=fresh
ring_vibes: 5807 trees placed (3 variants x 4 LODs, distance-bucketed)
ring_vibes: buildings in range at arc 252000 lat 0 -> style0=0, style1=0
ring_vibes: jumped to savannah (8.4% arc)
ring_vibes: streamed savannah @ 1536^2
SELFTEST  savannah           arc   8.4%  stream=OK (3.5s)  h 1..406m  sea 38.0%  trees=5807   dens=0.30 hi=120  wx=fresh
ring_vibes: 13225 trees placed (3 variants x 4 LODs, distance-bucketed)
ring_vibes: buildings in range at arc 336000 lat 0 -> style0=0, style1=0
ring_vibes: jumped to wye_valley (11.2% arc)
ring_vibes: streamed wye_valley @ 1536^2
SELFTEST  wye_valley         arc  11.2%  stream=OK (3.5s)  h 1..676m  sea 14.6%  trees=13225  dens=0.50 hi=400  wx=overcast
ring_vibes: 13163 trees placed (3 variants x 4 LODs, distance-bucketed)
ring_vibes: buildings in range at arc 420000 lat 0 -> style0=0, style1=0
ring_vibes: jumped to dordogne (14.0% arc)
ring_vibes: streamed dordogne @ 1536^2
SELFTEST  dordogne           arc  14.0%  stream=OK (3.3s)  h 19..522m  sea  0.0%  trees=13163  dens=0.50 hi=400  wx=fresh
ring_vibes: 16346 trees placed (3 variants x 4 LODs, distance-bucketed)
ring_vibes: buildings in range at arc 504000 lat 0 -> style0=0, style1=0
ring_vibes: jumped to vermont (16.8% arc)
ring_vibes: streamed vermont @ 1536^2
SELFTEST  vermont            arc  16.8%  stream=OK (3.3s)  h 29..925m  sea  0.0%  trees=16346  dens=0.60 hi=900  wx=fresh
ring_vibes: 5665 trees placed (3 variants x 4 LODs, distance-bucketed)
ring_vibes: buildings in range at arc 588000 lat 0 -> style0=0, style1=0
ring_vibes: jumped to mizen_head (19.6% arc)
ring_vibes: streamed mizen_head @ 1536^2
SELFTEST  mizen_head         arc  19.6%  stream=OK (3.0s)  h 1..735m  sea 60.9%  trees=5665   dens=0.25 hi=300  wx=overcast
ring_vibes: 2 trees placed (3 variants x 4 LODs, distance-bucketed)
ring_vibes: buildings in range at arc 672000 lat 0 -> style0=0, style1=0
ring_vibes: jumped to camargue (22.4% arc)
ring_vibes: streamed camargue @ 1536^2
SELFTEST  camargue           arc  22.4%  stream=OK (2.8s)  h 1..348m  sea 53.5%  trees=2      dens=0.10 hi=30  wx=fresh
ring_vibes: 57 trees placed (3 variants x 4 LODs, distance-bucketed)
ring_vibes: buildings in range at arc 756000 lat 0 -> style0=0, style1=0
ring_vibes: jumped to danube_delta (25.2% arc)
ring_vibes: streamed danube_delta @ 1536^2
SELFTEST  danube_delta       arc  25.2%  stream=OK (2.8s)  h 1..254m  sea 66.3%  trees=57     dens=0.10 hi=40  wx=overcast
ring_vibes: 12 trees placed (3 variants x 4 LODs, distance-bucketed)
ring_vibes: buildings in range at arc 840000 lat 0 -> style0=0, style1=0
ring_vibes: jumped to ebro_delta (28.0% arc)
ring_vibes: streamed ebro_delta @ 1536^2
SELFTEST  ebro_delta         arc  28.0%  stream=OK (2.8s)  h 1..1196m  sea 70.7%  trees=12     dens=0.10 hi=60  wx=fresh
ring_vibes: buildings in range at arc 924000 lat 0 -> style0=0, style1=0
ring_vibes: jumped to salar_uyuni (30.8% arc)
ring_vibes: streamed salar_uyuni @ 1536^2
SELFTEST  salar_uyuni        arc  30.8%  stream=OK (2.5s)  h 1..4791m  sea  8.3%  trees=0      dens=0.00 hi=0  wx=clear
ring_vibes: buildings in range at arc 1008000 lat 0 -> style0=0, style1=0
ring_vibes: jumped to scablands (33.6% arc)
ring_vibes: streamed scablands @ 1536^2
SELFTEST  scablands          arc  33.6%  stream=OK (3.0s)  h 135..4046m  sea  0.0%  trees=0      dens=0.00 hi=0  wx=clear
ring_vibes: 5269 trees placed (3 variants x 4 LODs, distance-bucketed)
ring_vibes: buildings in range at arc 1092000 lat 0 -> style0=0, style1=0
ring_vibes: jumped to loop_head (36.4% arc)
ring_vibes: streamed loop_head @ 1536^2
SELFTEST  loop_head          arc  36.4%  stream=OK (3.8s)  h 1..1277m  sea 50.5%  trees=5269   dens=0.20 hi=250  wx=overcast
ring_vibes: buildings in range at arc 1176000 lat 0 -> style0=0, style1=0
ring_vibes: jumped to monument_valley (39.2% arc)
ring_vibes: streamed monument_valley @ 1536^2
SELFTEST  monument_valley    arc  39.2%  stream=OK (2.8s)  h 9..2446m  sea  0.0%  trees=0      dens=0.00 hi=0  wx=clear
ring_vibes: buildings in range at arc 1260000 lat 0 -> style0=0, style1=0
ring_vibes: jumped to atacama (42.0% arc)
ring_vibes: streamed atacama @ 1536^2
SELFTEST  atacama            arc  42.0%  stream=OK (2.5s)  h 1302..5822m  sea  0.0%  trees=0      dens=0.00 hi=0  wx=clear
ring_vibes: buildings in range at arc 1344000 lat 0 -> style0=0, style1=0
ring_vibes: jumped to namib_dunes (44.8% arc)
ring_vibes: streamed namib_dunes @ 1536^2
SELFTEST  namib_dunes        arc  44.8%  stream=OK (2.8s)  h 325..5815m  sea  0.0%  trees=0      dens=0.00 hi=0  wx=clear
ring_vibes: 10824 trees placed (3 variants x 4 LODs, distance-bucketed)
ring_vibes: buildings in range at arc 1428000 lat 0 -> style0=0, style1=0
ring_vibes: jumped to guri_dam (47.6% arc)
ring_vibes: streamed guri_dam @ 1536^2
SELFTEST  guri_dam           arc  47.6%  stream=OK (2.8s)  h 8..1490m  sea  0.0%  trees=10824  dens=0.40 hi=500  wx=overcast
ring_vibes: 1333 trees placed (3 variants x 4 LODs, distance-bucketed)
ring_vibes: buildings in range at arc -1488000 lat 0 -> style0=0, style1=0
ring_vibes: jumped to great_plains (50.4% arc)
ring_vibes: 1312 trees placed (3 variants x 4 LODs, distance-bucketed)
ring_vibes: streamed great_plains @ 1536^2
SELFTEST  great_plains       arc  50.4%  stream=OK (3.0s)  h 81..1219m  sea  0.0%  trees=1312   dens=0.05 hi=1500  wx=clear
ring_vibes: 1355 trees placed (3 variants x 4 LODs, distance-bucketed)
ring_vibes: buildings in range at arc -1404000 lat 0 -> style0=0, style1=0
ring_vibes: jumped to mongolia_steppe (53.2% arc)
ring_vibes: 1328 trees placed (3 variants x 4 LODs, distance-bucketed)
ring_vibes: streamed mongolia_steppe @ 1536^2
SELFTEST  mongolia_steppe    arc  53.2%  stream=OK (3.0s)  h 928..1795m  sea  0.0%  trees=1328   dens=0.05 hi=1900  wx=clear
ring_vibes: 16416 trees placed (3 variants x 4 LODs, distance-bucketed)
ring_vibes: buildings in range at arc -1320000 lat 0 -> style0=0, style1=0
ring_vibes: jumped to tuscany_hills (56.0% arc)
ring_vibes: 16482 trees placed (3 variants x 4 LODs, distance-bucketed)
ring_vibes: streamed tuscany_hills @ 1536^2
SELFTEST  tuscany_hills      arc  56.0%  stream=OK (3.0s)  h 1..1617m  sea  0.2%  trees=16482  dens=0.60 hi=700  wx=fresh
ring_vibes: 323 trees placed (3 variants x 4 LODs, distance-bucketed)
ring_vibes: buildings in range at arc -1236000 lat 0 -> style0=0, style1=0
ring_vibes: jumped to slea_head (58.8% arc)
ring_vibes: 338 trees placed (3 variants x 4 LODs, distance-bucketed)
ring_vibes: streamed slea_head @ 1536^2
SELFTEST  slea_head          arc  58.8%  stream=OK (3.0s)  h 1..733m  sea 61.1%  trees=338    dens=0.20 hi=350  wx=overcast
ring_vibes: 13882 trees placed (3 variants x 4 LODs, distance-bucketed)
ring_vibes: buildings in range at arc -1152000 lat 0 -> style0=0, style1=0
ring_vibes: jumped to priests_leap (61.6% arc)
ring_vibes: 13898 trees placed (3 variants x 4 LODs, distance-bucketed)
ring_vibes: streamed priests_leap @ 1536^2
SELFTEST  priests_leap       arc  61.6%  stream=OK (3.3s)  h 1..702m  sea 27.6%  trees=13898  dens=0.50 hi=450  wx=overcast
ring_vibes: 0 trees placed (3 variants x 4 LODs, distance-bucketed)
ring_vibes: buildings in range at arc -1068000 lat 0 -> style0=0, style1=0
ring_vibes: jumped to cairngorms (64.4% arc)
ring_vibes: 0 trees placed (3 variants x 4 LODs, distance-bucketed)
ring_vibes: streamed cairngorms @ 1536^2
SELFTEST  cairngorms         arc  64.4%  stream=OK (3.5s)  h 1..1163m  sea  3.0%  trees=0      dens=0.50 hi=700  wx=overcast
ring_vibes: 0 trees placed (3 variants x 4 LODs, distance-bucketed)
ring_vibes: buildings in range at arc -984000 lat 0 -> style0=0, style1=0
ring_vibes: jumped to dolomites (67.2% arc)
ring_vibes: 0 trees placed (3 variants x 4 LODs, distance-bucketed)
ring_vibes: streamed dolomites @ 1536^2
SELFTEST  dolomites          arc  67.2%  stream=OK (3.3s)  h 115..3170m  sea  0.0%  trees=0      dens=0.70 hi=2000  wx=fresh
ring_vibes: 1989 trees placed (3 variants x 4 LODs, distance-bucketed)
ring_vibes: buildings in range at arc -900000 lat 0 -> style0=0, style1=0
ring_vibes: jumped to tatra_spruce (70.0% arc)
ring_vibes: 1828 trees placed (3 variants x 4 LODs, distance-bucketed)
ring_vibes: streamed tatra_spruce @ 1536^2
SELFTEST  tatra_spruce       arc  70.0%  stream=OK (3.3s)  h 246..2364m  sea  0.0%  trees=1828   dens=0.70 hi=1500  wx=fresh
ring_vibes: 9880 trees placed (3 variants x 4 LODs, distance-bucketed)
ring_vibes: buildings in range at arc -816000 lat 0 -> style0=0, style1=0
ring_vibes: jumped to norwegian_fjord (72.8% arc)
ring_vibes: 9959 trees placed (3 variants x 4 LODs, distance-bucketed)
ring_vibes: streamed norwegian_fjord @ 1536^2
SELFTEST  norwegian_fjord    arc  72.8%  stream=OK (4.3s)  h 1..1954m  sea  5.6%  trees=9959   dens=0.60 hi=900  wx=overcast
ring_vibes: 27100 trees placed (3 variants x 4 LODs, distance-bucketed)
ring_vibes: buildings in range at arc -732000 lat 0 -> style0=0, style1=0
ring_vibes: jumped to olympic_forest (75.6% arc)
ring_vibes: 27317 trees placed (3 variants x 4 LODs, distance-bucketed)
ring_vibes: streamed olympic_forest @ 1536^2
SELFTEST  olympic_forest     arc  75.6%  stream=OK (3.0s)  h 1..2100m  sea 13.5%  trees=27317  dens=1.00 hi=1200  wx=overcast
ring_vibes: 9858 trees placed (3 variants x 4 LODs, distance-bucketed)
ring_vibes: buildings in range at arc -648000 lat 0 -> style0=0, style1=0
ring_vibes: jumped to borneo_highland (78.4% arc)
ring_vibes: 10211 trees placed (3 variants x 4 LODs, distance-bucketed)
ring_vibes: streamed borneo_highland @ 1536^2
SELFTEST  borneo_highland    arc  78.4%  stream=OK (2.8s)  h 1..3581m  sea  5.0%  trees=10211  dens=1.00 hi=2500  wx=overcast
ring_vibes: 26337 trees placed (3 variants x 4 LODs, distance-bucketed)
ring_vibes: buildings in range at arc -564000 lat 0 -> style0=0, style1=0
ring_vibes: jumped to costa_rica_jungle (81.2% arc)
ring_vibes: 27422 trees placed (3 variants x 4 LODs, distance-bucketed)
ring_vibes: streamed costa_rica_jungle @ 1536^2
SELFTEST  costa_rica_jungle  arc  81.2%  stream=OK (2.5s)  h 1..2208m  sea  1.4%  trees=27422  dens=1.00 hi=2000  wx=overcast
ring_vibes: 212 trees placed (3 variants x 4 LODs, distance-bucketed)
ring_vibes: buildings in range at arc -480000 lat 0 -> style0=0, style1=0
ring_vibes: jumped to tepui (84.0% arc)
ring_vibes: 187 trees placed (3 variants x 4 LODs, distance-bucketed)
ring_vibes: streamed tepui @ 1536^2
SELFTEST  tepui              arc  84.0%  stream=OK (3.0s)  h 36..2336m  sea  0.0%  trees=187    dens=0.50 hi=1500  wx=overcast
ring_vibes: 0 trees placed (3 variants x 4 LODs, distance-bucketed)
ring_vibes: buildings in range at arc -396000 lat 0 -> style0=0, style1=0
ring_vibes: jumped to iceland_highland (86.8% arc)
ring_vibes: 0 trees placed (3 variants x 4 LODs, distance-bucketed)
ring_vibes: streamed iceland_highland @ 1536^2
SELFTEST  iceland_highland   arc  86.8%  stream=OK (4.5s)  h 86..1518m  sea  0.0%  trees=0      dens=0.02 hi=400  wx=overcast
ring_vibes: 868 trees placed (3 variants x 4 LODs, distance-bucketed)
ring_vibes: buildings in range at arc -312000 lat 0 -> style0=0, style1=0
ring_vibes: jumped to badlands_sd (89.6% arc)
ring_vibes: 801 trees placed (3 variants x 4 LODs, distance-bucketed)
ring_vibes: streamed badlands_sd @ 1536^2
SELFTEST  badlands_sd        arc  89.6%  stream=OK (3.3s)  h 107..994m  sea  0.0%  trees=801    dens=0.05 hi=900  wx=clear
ring_vibes: 26970 trees placed (3 variants x 4 LODs, distance-bucketed)
ring_vibes: buildings in range at arc -228000 lat 0 -> style0=0, style1=53
ring_vibes: jumped to java_majapahit (92.4% arc)
ring_vibes: 27164 trees placed (3 variants x 4 LODs, distance-bucketed)
ring_vibes: streamed java_majapahit @ 1536^2
SELFTEST  java_majapahit     arc  92.4%  stream=OK (2.5s)  h 1..2648m  sea  9.2%  trees=27164  dens=1.00 hi=2900  wx=overcast
ring_vibes: 0 trees placed (3 variants x 4 LODs, distance-bucketed)
ring_vibes: buildings in range at arc -144000 lat 0 -> style0=0, style1=0
ring_vibes: jumped to iceland_highland (95.2% arc)
ring_vibes: 0 trees placed (3 variants x 4 LODs, distance-bucketed)
ring_vibes: streamed iceland_highland @ 1536^2
SELFTEST  iceland_highland   arc  95.2%  stream=OK (4.5s)  h 1..2284m  sea  4.0%  trees=0      dens=0.02 hi=400  wx=overcast
ring_vibes: 818 trees placed (3 variants x 4 LODs, distance-bucketed)
ring_vibes: buildings in range at arc -60000 lat 0 -> style0=0, style1=0
ring_vibes: jumped to badlands_sd (98.0% arc)
ring_vibes: 821 trees placed (3 variants x 4 LODs, distance-bucketed)
ring_vibes: streamed badlands_sd @ 1536^2
SELFTEST  badlands_sd        arc  98.0%  stream=OK (3.3s)  h 107..994m  sea  0.0%  trees=821    dens=0.05 hi=900  wx=clear
SELFTEST: 35/35 streamed OK
